C51 COMPILER V9.56.0.0   EXPT_6_TASK                                                       10/23/2025 12:00:16 PAGE 1   


C51 COMPILER V9.56.0.0, COMPILATION OF MODULE EXPT_6_TASK
OBJECT MODULE PLACED IN .\Objects\Expt_6-Task.obj
COMPILER INVOKED BY: C:\Keil_v5\C51\BIN\C51.EXE Expt_6-Task.c OPTIMIZE(8,SPEED) BROWSE DEBUG OBJECTEXTEND PRINT(.\Listin
                    -gs\Expt_6-Task.lst) TABS(2) OBJECT(.\Objects\Expt_6-Task.obj)

line level    source

   1          // S Avaneeth
   2          // NNM24EE092
   3          // To display the Name and USN in LCD 
   4          #include <MicroLABlet.h> 
   5          #define control_register 0x00 
   6          #define data_register 0x01 
   7          #define LCD_data P1 
   8          #define declare_output_port 0X00 
   9          sbit LCD_enable=P3^7; 
  10          sbit LCD_register_select=P3^6; 
  11          sbit buzzer_control=P3^5; 
  12          unsigned char  message_one[ ]={ "   S AVANEETH   " }; 
  13          unsigned char  message_two[ ]={ "   NNM24EE092   " }; 
  14          void LCD_Initialization(); 
  15          void LCD_message_write( char message_charactor); 
  16          void LCD_command_write(char command_value); 
  17          void main ( ) 
  18          { 
  19   1        char charactor_count; 
  20   1        P3=declare_output_port; 
  21   1        P1= declare_output_port; 
  22   1        buzzer_control=0; //output port 
  23   1        buzzer_control=1; //disable buzzer 
  24   1        LCD_Initialization( ); 
  25   1        LCD_command_write(0X80); 
  26   1        while(message_one[charactor_count]!='\0') 
  27   1        { 
  28   2          LCD_message_write(message_one[charactor_count]); 
  29   2          charactor_count++;  
  30   2        } 
  31   1        charactor_count=0; 
  32   1        LCD_command_write(0XC0); 
  33   1        while(message_two[charactor_count]!='\0')  
  34   1        { 
  35   2          LCD_message_write(message_two[charactor_count]); 
  36   2          charactor_count++; 
  37   2        } 
  38   1        while(1); 
  39   1      }
  40          void LCD_Initialization( ) 
  41          { 
  42   1        LCD_command_write(0X38); 
  43   1        LCD_command_write(0X10); 
  44   1        LCD_command_write(0X0C); 
  45   1        LCD_command_write(0X06); 
  46   1        LCD_command_write(0X01); 
  47   1      } 
  48          void LCD_command_write(char command_value) 
  49          {  
  50   1        LCD_data= command_value; 
  51   1        LCD_register_select= control_register; 
  52   1        LCD_enable=1; 
  53   1        delay(10); 
  54   1        LCD_enable=0; 
C51 COMPILER V9.56.0.0   EXPT_6_TASK                                                       10/23/2025 12:00:16 PAGE 2   

  55   1        delay(10); 
  56   1      } 
  57          void LCD_message_write( char message_charactor) 
  58          {  
  59   1        LCD_data= message_charactor; 
  60   1        LCD_register_select= data_register; 
  61   1        LCD_enable=1; 
  62   1        delay(10); 
  63   1        LCD_enable=0; 
  64   1        delay(10); 
  65   1      }


MODULE INFORMATION:   STATIC OVERLAYABLE
   CODE SIZE        =    175    ----
   CONSTANT SIZE    =   ----    ----
   XDATA SIZE       =   ----    ----
   PDATA SIZE       =   ----    ----
   DATA SIZE        =     46       1
   IDATA SIZE       =   ----    ----
   BIT SIZE         =   ----    ----
END OF MODULE INFORMATION.


C51 COMPILATION COMPLETE.  0 WARNING(S),  0 ERROR(S)
