C51 COMPILER V9.56.0.0   EXPT_6B                                                           10/23/2025 12:28:56 PAGE 1   


C51 COMPILER V9.56.0.0, COMPILATION OF MODULE EXPT_6B
OBJECT MODULE PLACED IN .\Objects\Expt_6b.obj
COMPILER INVOKED BY: C:\Keil_v5\C51\BIN\C51.EXE Expt_6b.c OPTIMIZE(8,SPEED) BROWSE DEBUG OBJECTEXTEND PRINT(.\Listings\E
                    -xpt_6b.lst) TABS(2) OBJECT(.\Objects\Expt_6b.obj)

line level    source

   1          // S Avaneeth
   2          // NNM24EE092
   3          // To display key value in LCD
   4          #include <MicroLABlet.h> 
   5          unsigned char message_one[ ] = {" press any key "};  
   6          unsigned char message_two[ ] = {" key value is= "};  
   7          unsigned char ascii[ ]={"0123456789ABCDEF"};  
   8          void main( ) 
   9          { 
  10   1        unsigned char key_value,charactor_count; 
  11   1        LCD_Initialization ( ); 
  12   1        while(message_one[charactor_count]!='\0') 
  13   1        { 
  14   2          LCD_message_write(message_one[charactor_count]); 
  15   2          charactor_count++; 
  16   2        } 
  17   1        charactor_count=0; 
  18   1        LCD_command_write(0XC0); 
  19   1        while(message_one[charactor_count]!='\0') 
  20   1        { 
  21   2          LCD_message_write(message_two[charactor_count]); 
  22   2          charactor_count++; 
  23   2        } 
  24   1        while(1) 
  25   1        { 
  26   2          key_value=readkey( ); 
  27   2          LCD_command_write (0XCE); 
  28   2          LCD_message_write (ascii[key_value]); 
  29   2          while(key_value== readkey ( )); 
  30   2        } 
  31   1      }


MODULE INFORMATION:   STATIC OVERLAYABLE
   CODE SIZE        =    379    ----
   CONSTANT SIZE    =   ----    ----
   XDATA SIZE       =   ----    ----
   PDATA SIZE       =   ----    ----
   DATA SIZE        =     62    ----
   IDATA SIZE       =   ----    ----
   BIT SIZE         =   ----    ----
END OF MODULE INFORMATION.


C51 COMPILATION COMPLETE.  0 WARNING(S),  0 ERROR(S)
